2026-08-24 14:57:07,667  INFO    crawl  logging to /Users/bhimrajyadav/Developer/Personal/softwarica/sem-1/information-retrieval/coursework/st7071cem-ir-assignment/data/crawls/2026-08-24-14-57-07-NPT.log
2026-08-24 14:57:10,888  INFO    crawl  crawl delay: 5.0s (from robots.txt)
2026-08-24 14:57:10,888  INFO    crawler.crawler  Visiting the organisation page: https://pureportal.coventry.ac.uk/en/organisations/centre-for-healthcare-and-community-transformation/
2026-08-24 14:57:11,439  INFO    crawler.crawler    read successfully
2026-08-24 14:57:11,439  INFO    crawler.crawler  Visiting publications listing, page 0: https://pureportal.coventry.ac.uk/en/organisations/centre-for-healthcare-and-community-transformation/publications/?page=0
2026-08-24 14:57:11,439  INFO    crawler.politeness  waiting 4.4s (politeness delay)
2026-08-24 14:57:15,902  INFO    crawler.crawler    failed to fetch: HTTP 403 (blocked, or the page is gone)
2026-08-24 14:57:15,902  INFO    crawler.crawler    using the saved copy instead: /Users/bhimrajyadav/Developer/Personal/softwarica/sem-1/information-retrieval/coursework/st7071cem-ir-assignment/data/listings/publications-page0.html
2026-08-24 14:57:15,947  INFO    crawler.crawler    found 50 link(s) on this page, 50 of them new
2026-08-24 14:57:15,947  INFO    crawler.crawler  Visiting publications listing, page 1: https://pureportal.coventry.ac.uk/en/organisations/centre-for-healthcare-and-community-transformation/publications/?page=1
2026-08-24 14:57:15,947  INFO    crawler.politeness  waiting 4.9s (politeness delay)
2026-08-24 14:57:20,931  INFO    crawler.crawler    failed to fetch: HTTP 403 (blocked, or the page is gone)
2026-08-24 14:57:20,932  INFO    crawler.crawler    using the saved copy instead: /Users/bhimrajyadav/Developer/Personal/softwarica/sem-1/information-retrieval/coursework/st7071cem-ir-assignment/data/listings/publications-page1.html
2026-08-24 14:57:20,963  INFO    crawler.crawler    found 38 link(s) on this page, 38 of them new
2026-08-24 14:57:20,963  INFO    crawler.crawler  Visiting publications listing, page 2: https://pureportal.coventry.ac.uk/en/organisations/centre-for-healthcare-and-community-transformation/publications/?page=2
2026-08-24 14:57:20,963  INFO    crawler.politeness  waiting 4.9s (politeness delay)
2026-08-24 14:57:25,947  INFO    crawler.crawler    failed to fetch: HTTP 403 (blocked, or the page is gone)
2026-08-24 14:57:25,949  INFO    crawler.crawler    no saved copy of this page either, stopping here
2026-08-24 14:57:25,949  INFO    crawler.crawler  Visiting persons listing, page 0: https://pureportal.coventry.ac.uk/en/organisations/centre-for-healthcare-and-community-transformation/persons/?page=0
2026-08-24 14:57:25,949  INFO    crawler.politeness  waiting 5.0s (politeness delay)
2026-08-24 14:57:30,948  INFO    crawler.crawler    failed to fetch: HTTP 403 (blocked, or the page is gone)
2026-08-24 14:57:30,948  INFO    crawler.crawler    using the saved copy instead: /Users/bhimrajyadav/Developer/Personal/softwarica/sem-1/information-retrieval/coursework/st7071cem-ir-assignment/data/listings/persons-page0.html
2026-08-24 14:57:30,962  INFO    crawler.crawler    found 50 link(s) on this page, 50 of them new
2026-08-24 14:57:30,962  INFO    crawler.crawler  Visiting persons listing, page 1: https://pureportal.coventry.ac.uk/en/organisations/centre-for-healthcare-and-community-transformation/persons/?page=1
2026-08-24 14:57:30,962  INFO    crawler.politeness  waiting 4.9s (politeness delay)
2026-08-24 14:57:35,964  INFO    crawler.crawler    failed to fetch: HTTP 403 (blocked, or the page is gone)
2026-08-24 14:57:35,965  INFO    crawler.crawler    using the saved copy instead: /Users/bhimrajyadav/Developer/Personal/softwarica/sem-1/information-retrieval/coursework/st7071cem-ir-assignment/data/listings/persons-page1.html
2026-08-24 14:57:35,993  INFO    crawler.crawler    found 50 link(s) on this page, 50 of them new
2026-08-24 14:57:35,993  INFO    crawler.crawler  Visiting persons listing, page 2: https://pureportal.coventry.ac.uk/en/organisations/centre-for-healthcare-and-community-transformation/persons/?page=2
2026-08-24 14:57:35,994  INFO    crawler.politeness  waiting 4.9s (politeness delay)
2026-08-24 14:57:40,954  INFO    crawler.crawler    failed to fetch: HTTP 403 (blocked, or the page is gone)
2026-08-24 14:57:40,954  INFO    crawler.crawler    using the saved copy instead: /Users/bhimrajyadav/Developer/Personal/softwarica/sem-1/information-retrieval/coursework/st7071cem-ir-assignment/data/listings/persons-page2.html
2026-08-24 14:57:40,972  INFO    crawler.crawler    found 17 link(s) on this page, 17 of them new
2026-08-24 14:57:40,972  INFO    crawler.crawler  Visiting persons listing, page 3: https://pureportal.coventry.ac.uk/en/organisations/centre-for-healthcare-and-community-transformation/persons/?page=3
2026-08-24 14:57:40,972  INFO    crawler.politeness  waiting 4.9s (politeness delay)
2026-08-24 14:57:45,964  INFO    crawler.crawler    failed to fetch: HTTP 403 (blocked, or the page is gone)
2026-08-24 14:57:45,965  INFO    crawler.crawler    no saved copy of this page either, stopping here
2026-08-24 14:57:45,965  INFO    crawler.crawler  Phase 1: crawling 88 publication(s) from the listing, fetching each co-author's profile as soon as it's referenced
2026-08-24 14:57:45,965  INFO    crawler.crawler  Visiting publication page: https://pureportal.coventry.ac.uk/en/publications/a-cross-sectional-study-of-postgraduate-students-mental-well-bein/
2026-08-24 14:57:45,965  INFO    crawler.politeness  waiting 5.0s (politeness delay)
2026-08-24 14:57:51,836  INFO    crawler.crawler    found "A Cross-Sectional Study of Postgraduate Students' Mental Well-Being: Exploring the Relationship Between Mental Well-Being, Perceived Stress, Academic Self-Efficacy, and Self-Efficacy for Self-Regulated Learning" by 7 author(s), published in Health Science Reports (2026)
2026-08-24 14:57:51,844  INFO    crawler.crawler    references 4 author profile link(s)
2026-08-24 14:57:51,844  INFO    crawler.crawler    done: kept publication (1 so far) (1 kept so far)
2026-08-24 14:57:51,844  INFO    crawler.crawler  Visiting profile page: https://pureportal.coventry.ac.uk/en/persons/andy-turner/
2026-08-24 14:57:51,844  INFO    crawler.politeness  waiting 4.1s (politeness delay)
2026-08-24 14:57:56,500  INFO    crawler.crawler    found 'Andy Turner', with a 726-character biography
2026-08-24 14:57:56,509  INFO    crawler.crawler    lists 5 publication link(s)
2026-08-24 14:57:56,509  INFO    crawler.crawler  Visiting profile page: https://pureportal.coventry.ac.uk/en/persons/celine-brookes-smith/
2026-08-24 14:57:56,509  INFO    crawler.politeness  waiting 4.4s (politeness delay)
2026-08-24 14:58:01,797  INFO    crawler.crawler    found 'Celine Brookes-Smith', with a 444-character biography
2026-08-24 14:58:01,806  INFO    crawler.crawler    lists 3 publication link(s)
2026-08-24 14:58:01,806  INFO    crawler.crawler  Visiting profile page: https://pureportal.coventry.ac.uk/en/persons/deborah-lycett/
2026-08-24 14:58:01,806  INFO    crawler.politeness  waiting 4.1s (politeness delay)
2026-08-24 14:58:06,617  INFO    crawler.crawler    found 'Professor Deborah Lycett, PhD', with a 3710-character biography
2026-08-24 14:58:06,629  INFO    crawler.crawler    lists 5 publication link(s)
2026-08-24 14:58:06,629  INFO    crawler.crawler  Visiting profile page: https://pureportal.coventry.ac.uk/en/persons/maxine-whelan/
2026-08-24 14:58:06,629  INFO    crawler.politeness  waiting 4.3s (politeness delay)
2026-08-24 14:58:11,866  INFO    crawler.crawler    found 'Maxine Whelan', with a 2297-character biography
2026-08-24 14:58:11,878  INFO    crawler.crawler    lists 5 publication link(s)
2026-08-24 14:58:11,878  INFO    crawler.crawler  Visiting publication page: https://pureportal.coventry.ac.uk/en/publications/a-digital-yoga-based-pause-grow-reflect-intervention-for-postgrad/
2026-08-24 14:58:11,878  INFO    crawler.politeness  waiting 4.1s (politeness delay)
2026-08-24 14:58:16,820  INFO    crawler.crawler    found "A digital yoga-based 'Pause Grow Reflect' intervention for postgraduate researchers: a feasibility randomised controlled trial and embedded qualitative acceptability study" by 6 author(s), published in Pilot and Feasibility Studies (2026)
2026-08-24 14:58:16,827  INFO    crawler.crawler    references 4 author profile link(s)
2026-08-24 14:58:16,827  INFO    crawler.crawler    done: kept publication (2 so far) (2 kept so far)
2026-08-24 14:58:16,827  INFO    crawler.crawler    already have https://pureportal.coventry.ac.uk/en/persons/andy-turner/ from an earlier publication, skipping
2026-08-24 14:58:16,827  INFO    crawler.crawler    already have https://pureportal.coventry.ac.uk/en/persons/deborah-lycett/ from an earlier publication, skipping
2026-08-24 14:58:16,828  INFO    crawler.crawler    already have https://pureportal.coventry.ac.uk/en/persons/maxine-whelan/ from an earlier publication, skipping
2026-08-24 14:58:16,828  INFO    crawler.crawler  Visiting profile page: https://pureportal.coventry.ac.uk/en/persons/nikki-holliday/
2026-08-24 14:58:16,828  INFO    crawler.politeness  waiting 4.1s (politeness delay)
2026-08-24 14:58:21,883  INFO    crawler.crawler    found 'Nikki Holliday', with a 3369-character biography
2026-08-24 14:58:21,900  INFO    crawler.crawler    lists 5 publication link(s)
2026-08-24 14:58:21,902  INFO    crawl  wrote 2 publications and 5 profiles to /Users/bhimrajyadav/Developer/Personal/softwarica/sem-1/information-retrieval/coursework/st7071cem-ir-assignment/data/crawls/2026-08-24-14-57-07-NPT
2026-08-24 14:58:21,902  INFO    crawl  index it with: uv run ir-index
